[v1kas.000webhostapp.com/index.html]
[backblue.gif]
[fade.gif]
[index.html]
[v1kas.000webhostapp.com/feed]
[v1kas.000webhostapp.com/comments/feed]
[v1kas.000webhostapp.com/wp-includes/css/dist/block-library/style.min37ad.css]
[v1kas.000webhostapp.com/wp-content/themes/bravada/resources/fonts/fontfaces501b.css]
[v1kas.000webhostapp.com/wp-content/themes/bravada/style501b.css]
[v1kas.000webhostapp.com/xmlrpc0db0.php]
[v1kas.000webhostapp.com/wp-includes/wlwmanifest.xml]
[v1kas.000webhostapp.com/wp-json/index.html]
[v1kas.000webhostapp.com/about.html]
[v1kas.000webhostapp.com/contact.html]
[v1kas.000webhostapp.com/sample-page-2.html]
[v1kas.000webhostapp.com/wp-content/themes/bravada/resources/images/headers/mirrorlake.jpg]
[v1kas.000webhostapp.com/wp-includes/js/jquery/jquery.minaf6c.js]
[v1kas.000webhostapp.com/wp-includes/js/jquery/jquery-migrate.mind617.js]
[v1kas.000webhostapp.com/wp-content/themes/bravada/resources/js/frontend501b.js]
[v1kas.000webhostapp.com/wp-includes/js/imagesloaded.mineda1.js]
[v1kas.000webhostapp.com/wp-includes/js/masonry.min3a05.js]
[v1kas.000webhostapp.com/index.html]
[v1kas.000webhostapp.com/wp-includes/css/dist/block-library/style.min37ad.css]
[v1kas.000webhostapp.com/wp-includes/js/jquery/jquery.masonry.minef70.js]
[v1kas.000webhostapp.com/wp-content/themes/bravada/resources/fonts/iconmeta6611.eot]
[v1kas.000webhostapp.com/wp-content/themes/bravada/resources/fonts/iconmeta6611.ttf]
[v1kas.000webhostapp.com/wp-content/themes/bravada/resources/fonts/iconmeta6611.woff]
[v1kas.000webhostapp.com/wp-content/themes/bravada/resources/fonts/socials.eot]
[v1kas.000webhostapp.com/wp-content/themes/bravada/resources/fonts/iconmeta6611.svg]
[v1kas.000webhostapp.com/wp-content/themes/bravada/resources/fonts/socialsd41d.eot]
[v1kas.000webhostapp.com/wp-content/themes/bravada/resources/fonts/socials.woff]
[v1kas.000webhostapp.com/wp-content/themes/bravada/resources/fonts/socials.ttf]
[v1kas.000webhostapp.com/wp-content/themes/bravada/resources/fonts/socialsd41d.svg]
[v1kas.000webhostapp.com/wp-content/themes/bravada/resources/fonts/blocks.eot]
[v1kas.000webhostapp.com/wp-content/themes/bravada/resources/fonts/blocksd41d.eot]
[v1kas.000webhostapp.com/wp-content/themes/bravada/resources/fonts/blocks.woff]
[v1kas.000webhostapp.com/wp-content/themes/bravada/resources/fonts/blocks.ttf]
[v1kas.000webhostapp.com/wp-content/themes/bravada/resources/fonts/fontfaces501b.css]
[v1kas.000webhostapp.com/wp-content/themes/bravada/style501b.css]
[v1kas.000webhostapp.com/wp-content/themes/bravada/resources/fonts/blocksd41d.svg]
[v1kas.000webhostapp.com/wp-json/wp/v2/pages/23.json]
[v1kas.000webhostapp.com/wp-json/oembed/1.0/embedc498.json]
[v1kas.000webhostapp.com/wp-json/oembed/1.0/embed2cde]
[v1kas.000webhostapp.com/about.html]
[v1kas.000webhostapp.com/wp-includes/js/comment-reply.min37ad.js]
[v1kas.000webhostapp.com/wp-json/wp/v2/pages/30.json]
[v1kas.000webhostapp.com/wp-json/oembed/1.0/embed4be0.json]
[v1kas.000webhostapp.com/contact.html]
[v1kas.000webhostapp.com/wp-json/oembed/1.0/embedd2be]
[v1kas.000webhostapp.com/sample-page-2/feed]
[v1kas.000webhostapp.com/wp-json/wp/v2/pages/7.json]
[v1kas.000webhostapp.com/wp-json/oembed/1.0/embed63cb.json]
[v1kas.000webhostapp.com/wp-json/oembed/1.0/embed8c93]
[v1kas.000webhostapp.com/wp-content/uploads/2022/08/THM-7QFAF80PEJ-1024x725.png]
[v1kas.000webhostapp.com/wp-content/uploads/2022/08/THM-GXLGO47J9L.png]
[v1kas.000webhostapp.com/wp-content/uploads/2022/08/Screenshot-289.png]
[tryhackme-badges.s3.amazonaws.com/M4tr1x.png]
[v1kas.000webhostapp.com/sample-page-2.html]
[v1kas.000webhostapp.com/wp-content/themes/bravada/resources/fonts/iconmeta6611.svg]
[v1kas.000webhostapp.com/wp-content/themes/bravada/resources/fonts/socialsd41d.svg]
[v1kas.000webhostapp.com/wp-content/themes/bravada/resources/fonts/blocksd41d.svg]
[v1kas.000webhostapp.com/index40a0.html]
[v1kas.000webhostapp.com/index5643.html]
[v1kas.000webhostapp.com/xmlrpc.php]
[v1kas.000webhostapp.com/indexc4f7.html]
